[dotenv@17.2.3] injecting env (3) from .env -- tip: ≡ƒ¢á∩╕Å  run anywhere with `dotenvx run -- yourcommand`
[WebServer] (node:31908) [DEP0066] DeprecationWarning: OutgoingMessage.prototype._headers is deprecated
[WebServer] (Use `node --trace-deprecation ...` to show where the warning was created)

Running 1 test using 1 worker

[dotenv@17.2.3] injecting env (0) from .env -- tip: ΓÜÖ∩╕Å  load multiple .env files with { path: ['.env.local', '.env'] }
  Γ£ÿ  1 [mock] ΓÇ║ tests\graph-tooltips.spec.ts:10:9 ΓÇ║ Graph Tooltips ΓÇ║ displays correct tooltip text for dehumidifier, light, and optimal graphs (5.6s)


  1) [mock] ΓÇ║ tests\graph-tooltips.spec.ts:10:9 ΓÇ║ Graph Tooltips ΓÇ║ displays correct tooltip text for dehumidifier, light, and optimal graphs 

    Error: [2mexpect([22m[31mlocator[39m[2m).[22mtoBeVisible[2m([22m[2m)[22m failed

    Locator: locator('growspace-manager-card').locator('.gs-env-chart-container')
    Expected: visible
    Timeout: 5000ms
    Error: element(s) not found

    Call log:
    [2m  - Expect "toBeVisible" with timeout 5000ms[22m
    [2m  - waiting for locator('growspace-manager-card').locator('.gs-env-chart-container')[22m


      83 |
      84 |         const graphContainer = card.locator('.gs-env-chart-container');
    > 85 |         await expect(graphContainer).toBeVisible();
         |                                      ^
      86 |         await expect(card.locator('.chart-title')).toHaveText('Dehumidifier');
      87 |
      88 |         // Hover over graph
        at C:\Users\Maximilian\growspace_manager\lovelace-growspace-manager-card\tests\graph-tooltips.spec.ts:85:38

    Error Context: test-results\graph-tooltips-Graph-Toolt-ed61b-er-light-and-optimal-graphs-mock\error-context.md

  1 failed
    [mock] ΓÇ║ tests\graph-tooltips.spec.ts:10:9 ΓÇ║ Graph Tooltips ΓÇ║ displays correct tooltip text for dehumidifier, light, and optimal graphs 

[36m  Serving HTML report at http://localhost:9323. Press Ctrl+C to quit.[39m
